--------------------------------------------------------------------------------------
Timing Analyzer Summary
--------------------------------------------------------------------------------------

Type           : Worst-case tco
Slack          : N/A
Required Time  : None
Actual Time    : 22.413 ns
From           : CHIP_EMULATOR:inst4|SRAM~15
To             : SRAM_DQ[15]
From Clock     : clk_50
To Clock       : --
Failed Paths   : 0

Type           : Clock Setup: 'altpll0:inst1|altpll:altpll_component|_clk0'
Slack          : 18.774 ns
Required Time  : 12.50 MHz ( period = 80.000 ns )
Actual Time    : 23.56 MHz ( period = 42.452 ns )
From           : CHIP_EMULATOR:inst4|SRAM~15
To             : SCOMP:inst|AC[15]
From Clock     : altpll0:inst1|altpll:altpll_component|_clk0
To Clock       : altpll0:inst1|altpll:altpll_component|_clk0
Failed Paths   : 0

Type           : Clock Hold: 'altpll0:inst1|altpll:altpll_component|_clk0'
Slack          : -6.894 ns
Required Time  : 12.50 MHz ( period = 80.000 ns )
Actual Time    : N/A
From           : SCOMP:inst|AC[4]
To             : SLOW_SRAM:inst2|lpm_ff0:inst80|lpm_ff:lpm_ff_component|dffs[4]
From Clock     : altpll0:inst1|altpll:altpll_component|_clk0
To Clock       : altpll0:inst1|altpll:altpll_component|_clk0
Failed Paths   : 1884

Type           : Total number of failed paths
Slack          : 
Required Time  : 
Actual Time    : 
From           : 
To             : 
From Clock     : 
To Clock       : 
Failed Paths   : 1884

--------------------------------------------------------------------------------------

