--------------------------------------------------------------------------------------
Timing Analyzer Summary
--------------------------------------------------------------------------------------

Type           : Worst-case tco
Slack          : N/A
Required Time  : None
Actual Time    : 18.988 ns
From           : CHIP_EMULATOR:inst4|SRAM~238
To             : SRAM_DQ[14]
From Clock     : clk_50
To Clock       : --
Failed Paths   : 0

Type           : Clock Setup: 'clk_50'
Slack          : N/A
Required Time  : None
Actual Time    : 39.40 MHz ( period = 25.378 ns )
From           : CHIP_EMULATOR:inst4|SRAM~494
To             : SRAM_CONTROLLER:inst7|ADDR[14]
From Clock     : clk_50
To Clock       : clk_50
Failed Paths   : 0

Type           : Clock Hold: 'clk_50'
Slack          : Not operational: Clock Skew > Data Delay
Required Time  : None
Actual Time    : N/A
From           : SRAM_CONTROLLER:inst7|SRAM_ADDR[7]
To             : CHIP_EMULATOR:inst4|SRAM~231
From Clock     : clk_50
To Clock       : clk_50
Failed Paths   : 7750

Type           : Total number of failed paths
Slack          : 
Required Time  : 
Actual Time    : 
From           : 
To             : 
From Clock     : 
To Clock       : 
Failed Paths   : 7750

--------------------------------------------------------------------------------------

